// Jest Snapshot v1, https://goo.gl/fbAQLP

exports[`generates a palette 1`] = `
Array [
  Array [
    "#ff0000",
    "#aa0000",
    "#550000",
    "#000000",
  ],
  Array [
    "#ff5555",
    "#c65539",
    "#8e551c",
    "#555500",
  ],
  Array [
    "#ffaaaa",
    "#e3aa71",
    "#c6aa39",
    "#aaaa00",
  ],
  Array [
    "#ffffff",
    "#ffffaa",
    "#ffff55",
    "#ffff00",
  ],
]
`;
